PASS src/services/__tests__/GameStateService.persistence.test.ts
