// Jest Snapshot v1, https://goo.gl/fbAQLP

exports[`NIGHT_STEPS contract uniqueness array order should be stable (snapshot) 1`] = `
[
  "magicianSwap",
  "slackerChooseIdol",
  "wolfRobotLearn",
  "dreamcatcherDream",
  "gargoyleCheck",
  "nightmareBlock",
  "guardProtect",
  "wolfKill",
  "wolfQueenCharm",
  "witchAction",
  "seerCheck",
  "psychicCheck",
  "hunterConfirm",
  "darkWolfKingConfirm",
]
`;

exports[`NIGHT_STEPS contract visibility contract wolf meeting steps should be derived from NIGHT_STEPS (snapshot) 1`] = `
[
  "wolfKill",
  "wolfQueenCharm",
]
`;
